
> relay-lab@0.1.0 test
> vitest run


[1m[46m RUN [49m[22m [36mv3.2.7 [39m[90m/home/runner/work/relay-lab/relay-lab[39m

 [32m✓[39m src/store/__tests__/circuitStore.test.ts [2m([22m[2m34 tests[22m[2m)[22m[32m 35[2mms[22m[39m
 [32m✓[39m src/circuit/adapter/__tests__/wire-lane.test.ts [2m([22m[2m25 tests[22m[2m)[22m[32m 19[2mms[22m[39m
 [32m✓[39m src/circuit/adapter/__tests__/load-path.test.ts [2m([22m[2m30 tests[22m[2m)[22m[32m 88[2mms[22m[39m
 [32m✓[39m src/circuit/definitions/__tests__/registry.test.ts [2m([22m[2m30 tests[22m[2m)[22m[32m 24[2mms[22m[39m
 [32m✓[39m src/circuit/engine/__tests__/analog.test.ts [2m([22m[2m27 tests[22m[2m)[22m[32m 32[2mms[22m[39m
 [32m✓[39m src/circuit/engine/__tests__/fade.test.ts [2m([22m[2m28 tests[22m[2m)[22m[32m 28[2mms[22m[39m
 [32m✓[39m src/circuit/engine/__tests__/scenarios.test.ts [2m([22m[2m23 tests[22m[2m)[22m[32m 35[2mms[22m[39m
 [32m✓[39m src/circuit/definitions/__tests__/lighting-system.test.ts [2m([22m[2m21 tests[22m[2m)[22m[32m 44[2mms[22m[39m
 [32m✓[39m src/circuit/engine/__tests__/timer.test.ts [2m([22m[2m20 tests[22m[2m)[22m[32m 45[2mms[22m[39m
 [32m✓[39m src/circuit/engine/__tests__/preview.test.ts [2m([22m[2m18 tests[22m[2m)[22m[32m 17[2mms[22m[39m
 [32m✓[39m src/circuit/adapter/__tests__/self-hold.test.ts [2m([22m[2m13 tests[22m[2m)[22m[32m 50[2mms[22m[39m
 [32m✓[39m src/circuit/persistence/__tests__/document-storage.test.ts [2m([22m[2m24 tests[22m[2m)[22m[32m 16[2mms[22m[39m
 [32m✓[39m src/circuit/definitions/__tests__/contactor-scenarios.test.ts [2m([22m[2m15 tests[22m[2m)[22m[32m 22[2mms[22m[39m
 [32m✓[39m src/circuit/definitions/__tests__/contact-drivers.test.ts [2m([22m[2m15 tests[22m[2m)[22m[32m 34[2mms[22m[39m
 [32m✓[39m src/circuit/adapter/__tests__/ladder.test.ts [2m([22m[2m14 tests[22m[2m)[22m[32m 20[2mms[22m[39m
 [32m✓[39m src/circuit/adapter/__tests__/current-flow.test.ts [2m([22m[2m10 tests[22m[2m)[22m[32m 23[2mms[22m[39m
 [32m✓[39m src/circuit/adapter/__tests__/reactflow.test.ts [2m([22m[2m21 tests[22m[2m)[22m[32m 18[2mms[22m[39m
 [32m✓[39m src/circuit/adapter/__tests__/path-preview.test.ts [2m([22m[2m17 tests[22m[2m)[22m[32m 18[2mms[22m[39m
 [32m✓[39m src/circuit/adapter/__tests__/align.test.ts [2m([22m[2m17 tests[22m[2m)[22m[32m 12[2mms[22m[39m
 [32m✓[39m src/circuit/adapter/__tests__/simulation-view.test.ts [2m([22m[2m9 tests[22m[2m)[22m[32m 20[2mms[22m[39m
 [32m✓[39m src/circuit/definitions/__tests__/step7-scenarios.test.ts [2m([22m[2m15 tests[22m[2m)[22m[32m 20[2mms[22m[39m
 [32m✓[39m src/components/circuit/__tests__/place-component.test.ts [2m([22m[2m13 tests[22m[2m)[22m[32m 17[2mms[22m[39m
 [32m✓[39m src/circuit/adapter/__tests__/inspection.test.ts [2m([22m[2m13 tests[22m[2m)[22m[32m 30[2mms[22m[39m
 [32m✓[39m src/circuit/adapter/__tests__/wire-role.test.ts [2m([22m[2m8 tests[22m[2m)[22m[32m 10[2mms[22m[39m
 [32m✓[39m src/circuit/definitions/__tests__/g7l-scenarios.test.ts [2m([22m[2m7 tests[22m[2m)[22m[32m 19[2mms[22m[39m
 [32m✓[39m src/circuit/engine/__tests__/wiring.test.ts [2m([22m[2m10 tests[22m[2m)[22m[32m 15[2mms[22m[39m
 [32m✓[39m src/circuit/definitions/__tests__/communication.test.ts [2m([22m[2m12 tests[22m[2m)[22m[32m 31[2mms[22m[39m
 [32m✓[39m src/circuit/adapter/__tests__/auto-layout.test.ts [2m([22m[2m13 tests[22m[2m)[22m[32m 28[2mms[22m[39m
 [32m✓[39m src/circuit/engine/__tests__/diode.test.ts [2m([22m[2m8 tests[22m[2m)[22m[32m 25[2mms[22m[39m
 [32m✓[39m src/circuit/engine/__tests__/chatter.test.ts [2m([22m[2m7 tests[22m[2m)[22m[32m 21[2mms[22m[39m
 [32m✓[39m src/circuit/adapter/__tests__/selection.test.ts [2m([22m[2m12 tests[22m[2m)[22m[32m 15[2mms[22m[39m
 [32m✓[39m src/store/__tests__/simulationStore.test.ts [2m([22m[2m12 tests[22m[2m)[22m[32m 11[2mms[22m[39m
 [32m✓[39m src/circuit/persistence/__tests__/trigger-percents.test.ts [2m([22m[2m6 tests[22m[2m)[22m[32m 15[2mms[22m[39m
 [32m✓[39m src/circuit/persistence/__tests__/document-file.test.ts [2m([22m[2m7 tests[22m[2m)[22m[32m 12[2mms[22m[39m
 [32m✓[39m src/circuit/adapter/__tests__/ladder-shared.test.ts [2m([22m[2m1 test[22m[2m)[22m[32m 21[2mms[22m[39m
 [32m✓[39m src/circuit/adapter/__tests__/terminal-connections.test.ts [2m([22m[2m5 tests[22m[2m)[22m[32m 7[2mms[22m[39m
 [32m✓[39m src/circuit/definitions/__tests__/switch-scenarios.test.ts [2m([22m[2m5 tests[22m[2m)[22m[32m 16[2mms[22m[39m
 [32m✓[39m src/circuit/engine/__tests__/relay.test.ts [2m([22m[2m4 tests[22m[2m)[22m[32m 5[2mms[22m[39m
 [32m✓[39m src/lib/__tests__/shortcuts.test.ts [2m([22m[2m9 tests[22m[2m)[22m[32m 9[2mms[22m[39m
 [32m✓[39m src/lib/__tests__/component-search.test.ts [2m([22m[2m8 tests[22m[2m)[22m[32m 11[2mms[22m[39m
 [32m✓[39m src/__tests__/setup.test.ts [2m([22m[2m2 tests[22m[2m)[22m[32m 4[2mms[22m[39m

[2m Test Files [22m [1m[32m41 passed[39m[22m[90m (41)[39m
[2m      Tests [22m [1m[32m588 passed[39m[22m[90m (588)[39m
[2m   Start at [22m 00:46:46
[2m   Duration [22m 6.85s[2m (transform 1.59s, setup 0ms, collect 5.73s, tests 941ms, environment 13ms, prepare 5.12s)[22m

